{
  "version": "1.5.0",
  "plugins_used": [
    {
      "name": "ArtifactoryDetector"
    },
    {
      "name": "AWSKeyDetector"
    },
    {
      "name": "AzureStorageKeyDetector"
    },
    {
      "name": "Base64HighEntropyString",
      "limit": 4.5
    },
    {
      "name": "BasicAuthDetector"
    },
    {
      "name": "CloudantDetector"
    },
    {
      "name": "DiscordBotTokenDetector"
    },
    {
      "name": "GitHubTokenDetector"
    },
    {
      "name": "GitLabTokenDetector"
    },
    {
      "name": "HexHighEntropyString",
      "limit": 3.0
    },
    {
      "name": "IbmCloudIamDetector"
    },
    {
      "name": "IbmCosHmacDetector"
    },
    {
      "name": "IPPublicDetector"
    },
    {
      "name": "JwtTokenDetector"
    },
    {
      "name": "KeywordDetector",
      "keyword_exclude": ""
    },
    {
      "name": "MailchimpDetector"
    },
    {
      "name": "NpmDetector"
    },
    {
      "name": "OpenAIDetector"
    },
    {
      "name": "PrivateKeyDetector"
    },
    {
      "name": "PypiTokenDetector"
    },
    {
      "name": "SendGridDetector"
    },
    {
      "name": "SlackDetector"
    },
    {
      "name": "SoftlayerDetector"
    },
    {
      "name": "SquareOAuthDetector"
    },
    {
      "name": "StripeDetector"
    },
    {
      "name": "TelegramBotTokenDetector"
    },
    {
      "name": "TwilioKeyDetector"
    }
  ],
  "filters_used": [
    {
      "path": "detect_secrets.filters.allowlist.is_line_allowlisted"
    },
    {
      "path": "detect_secrets.filters.common.is_ignored_due_to_verification_policies",
      "min_level": 2
    },
    {
      "path": "detect_secrets.filters.heuristic.is_indirect_reference"
    },
    {
      "path": "detect_secrets.filters.heuristic.is_likely_id_string"
    },
    {
      "path": "detect_secrets.filters.heuristic.is_lock_file"
    },
    {
      "path": "detect_secrets.filters.heuristic.is_not_alphanumeric_string"
    },
    {
      "path": "detect_secrets.filters.heuristic.is_potential_uuid"
    },
    {
      "path": "detect_secrets.filters.heuristic.is_prefixed_with_dollar_sign"
    },
    {
      "path": "detect_secrets.filters.heuristic.is_sequential_string"
    },
    {
      "path": "detect_secrets.filters.heuristic.is_swagger_file"
    },
    {
      "path": "detect_secrets.filters.heuristic.is_templated_secret"
    },
    {
      "path": "detect_secrets.filters.regex.should_exclude_file",
      "pattern": [
        "(^|/)static/js/vendor/|\\.(pdf|png|jpe?g|woff2|glb|bin)$|(^|/)docs/security-audit/"
      ]
    }
  ],
  "results": {
    ".github/workflows/deploy-production.yml": [
      {
        "type": "Secret Keyword",
        "filename": ".github/workflows/deploy-production.yml",
        "hashed_secret": "b617c64bb887837462802acfef19cfda6fb87ec5",
        "is_verified": false,
        "line_number": 27,
        "is_secret": false
      },
      {
        "type": "Secret Keyword",
        "filename": ".github/workflows/deploy-production.yml",
        "hashed_secret": "a46376f954faaeb23c7fa8400a67b3894637f362",
        "is_verified": false,
        "line_number": 32,
        "is_secret": false
      }
    ],
    ".github/workflows/django.yml": [
      {
        "type": "Secret Keyword",
        "filename": ".github/workflows/django.yml",
        "hashed_secret": "b617c64bb887837462802acfef19cfda6fb87ec5",
        "is_verified": false,
        "line_number": 19,
        "is_secret": false
      },
      {
        "type": "Secret Keyword",
        "filename": ".github/workflows/django.yml",
        "hashed_secret": "a46376f954faaeb23c7fa8400a67b3894637f362",
        "is_verified": false,
        "line_number": 24,
        "is_secret": false
      }
    ],
    "apps/accounts/models.py": [
      {
        "type": "Secret Keyword",
        "filename": "apps/accounts/models.py",
        "hashed_secret": "a613756e030149431b0337e8b3a6c62440eb5ddc",
        "is_verified": false,
        "line_number": 95,
        "is_secret": false
      }
    ],
    "apps/accounts/test_emails.py": [
      {
        "type": "Secret Keyword",
        "filename": "apps/accounts/test_emails.py",
        "hashed_secret": "e1d4db8754659673817988bff3a040768f665b8e",
        "is_verified": false,
        "line_number": 39,
        "is_secret": false
      }
    ],
    "apps/accounts/test_mailer.py": [
      {
        "type": "Secret Keyword",
        "filename": "apps/accounts/test_mailer.py",
        "hashed_secret": "86ff40e9997e3e0f851ddb87837b0bb5f4176cc6",
        "is_verified": false,
        "line_number": 205,
        "is_secret": false
      }
    ],
    "apps/accounts/test_oauth_google.py": [
      {
        "type": "Secret Keyword",
        "filename": "apps/accounts/test_oauth_google.py",
        "hashed_secret": "f734a80b8c4e5f25e19cd8f5ca9b18651fb6ee52",
        "is_verified": false,
        "line_number": 26,
        "is_secret": false
      }
    ],
    "apps/accounts/test_verification.py": [
      {
        "type": "Secret Keyword",
        "filename": "apps/accounts/test_verification.py",
        "hashed_secret": "e1d4db8754659673817988bff3a040768f665b8e",
        "is_verified": false,
        "line_number": 34,
        "is_secret": false
      }
    ],
    "apps/common/test_embeds.py": [
      {
        "type": "Hex High Entropy String",
        "filename": "apps/common/test_embeds.py",
        "hashed_secret": "2f766efc2db1099ae6063f270dd74059d2202966",
        "is_verified": false,
        "line_number": 28,
        "is_secret": false
      }
    ],
    "apps/common/tests.py": [
      {
        "type": "Secret Keyword",
        "filename": "apps/common/tests.py",
        "hashed_secret": "e1d4db8754659673817988bff3a040768f665b8e",
        "is_verified": false,
        "line_number": 27,
        "is_secret": false
      }
    ],
    "apps/common/turnstile.py": [
      {
        "type": "Secret Keyword",
        "filename": "apps/common/turnstile.py",
        "hashed_secret": "403694031ab3f4e922e048b1eed8e8572f543df1",
        "is_verified": false,
        "line_number": 12,
        "is_secret": false
      }
    ],
    "apps/news/tests.py": [
      {
        "type": "Secret Keyword",
        "filename": "apps/news/tests.py",
        "hashed_secret": "e1d4db8754659673817988bff3a040768f665b8e",
        "is_verified": false,
        "line_number": 2075,
        "is_secret": false
      }
    ],
    "apps/social/tests.py": [
      {
        "type": "Secret Keyword",
        "filename": "apps/social/tests.py",
        "hashed_secret": "c8c2ca9fed1a7c345d7dbc1b7d985364870c874a",
        "is_verified": false,
        "line_number": 271,
        "is_secret": false
      },
      {
        "type": "Secret Keyword",
        "filename": "apps/social/tests.py",
        "hashed_secret": "67f994533a5d976eed69aeae05e381bf6fa851e8",
        "is_verified": false,
        "line_number": 272,
        "is_secret": false
      },
      {
        "type": "Secret Keyword",
        "filename": "apps/social/tests.py",
        "hashed_secret": "cf50b9c8ab6668fe52f81e82e25648baa41fc107",
        "is_verified": false,
        "line_number": 451,
        "is_secret": false
      }
    ],
    "config/settings/design_preview.py": [
      {
        "type": "Secret Keyword",
        "filename": "config/settings/design_preview.py",
        "hashed_secret": "344bf3df8c1dd27f54879c872d600d7b997e1d36",
        "is_verified": false,
        "line_number": 5,
        "is_secret": false
      },
      {
        "type": "Secret Keyword",
        "filename": "config/settings/design_preview.py",
        "hashed_secret": "403694031ab3f4e922e048b1eed8e8572f543df1",
        "is_verified": false,
        "line_number": 39,
        "is_secret": false
      }
    ],
    "conftest.py": [
      {
        "type": "Secret Keyword",
        "filename": "conftest.py",
        "hashed_secret": "e1d4db8754659673817988bff3a040768f665b8e",
        "is_verified": false,
        "line_number": 61,
        "is_secret": false
      }
    ],
    "docker/docker-compose.yml": [
      {
        "type": "Secret Keyword",
        "filename": "docker/docker-compose.yml",
        "hashed_secret": "a46376f954faaeb23c7fa8400a67b3894637f362",
        "is_verified": false,
        "line_number": 39,
        "is_secret": false
      }
    ],
    "docs/technical/komuniki-editorial-preview.md": [
      {
        "type": "Secret Keyword",
        "filename": "docs/technical/komuniki-editorial-preview.md",
        "hashed_secret": "1ea0ab5dd34529b93ec7ce91b4f7ef9ed8ea80f4",
        "is_verified": false,
        "line_number": 144,
        "is_secret": false
      },
      {
        "type": "Secret Keyword",
        "filename": "docs/technical/komuniki-editorial-preview.md",
        "hashed_secret": "ce7501007f04a6529e650f1f1b3fc0586d1d94eb",
        "is_verified": false,
        "line_number": 147,
        "is_secret": false
      }
    ]
  },
  "generated_at": "2026-09-25T12:45:30Z"
}
